// Jest Snapshot v1, https://goo.gl/fbAQLP

exports[`matches snapshot 1`] = `
<DocumentFragment>
  <div>
    <h1>
      Goodbye!
    </h1>
    <h3>
      See you next time!
    </h3>
  </div>
</DocumentFragment>
`;
